aalborg-apotek--peter-elfelt_15069149878
aarhus-domkirke--peter-elfelt_15069168408
aarhus-set-fra-riis-skov--peter-elfelt_15232702626
aarhus-toget-kommer--peter-elfelt_15068967019
aborreparken-i-kbenhavn-sommer--peter-elfelt_15069147017
aleksander-nevskij-kirke-den-russisk-kirke-i-bredgade--peter-elfelt_15255720055
amager-dyvekes-grd--peter-elfelt_15069156527
amagere-i-nationaldragt-2-piger-ved-vinduet--peter-elfelt_15252629391
amagere-i-nationaldragt-dirk-jansen-grd--peter-elfelt_15068965159
amagere-i-nationaldragt-dirk-jansens-grd--peter-elfelt_15069037700
amagere-i-nationaldragter-piger-i-haven--peter-elfelt_15069160747
amagere-i-nationaldragt-kone-og-pige--peter-elfelt_15255723345
amagere-i-nationaldragt--peter-elfelt_15255333382
amagere-i-nationaldragt-piger-ved-vandposten--peter-elfelt_15255333432
amagere-i-nationaldragt-ved-gadekret--peter-elfelt_15069166388
amager--peter-elfelt_15255719015
amager--peter-elfelt_7186504625
amalienborg-set-fra-havnen--peter-elfelt_15255315772
amsterdam-kanalparti--peter-elfelt_15069020490
amsterdam--peter-elfelt_15426984372
ane-lillelundshus--peter-elfelt_15232717816
ane-lillelunds-hus--peter-elfelt_15252633181
ballonopstigning--peter-elfelt_15427310625
bern-beim-zeitglocken-schweiz--peter-elfelt_15069023840
bern-brenbrunnen-schweiz--peter-elfelt_15068951309
bern-schweiz--peter-elfelt_15069152658
bernstorff-slot--peter-elfelt_15068945369
biblioteket-set-gennem-absalonsbuen-roskilde--peter-elfelt_15255325772
bjrnholm-med-ruiner--peter-elfelt_15252606121
bnk-ved-juul-s--peter-elfelt_15069147638
bornholm-hammershus--peter-elfelt_15252610011
bornholm-lyseklippen--peter-elfelt_15069141737
bornholm-mod-jons-kapel--peter-elfelt_15232694556
bornholm-olsker-kirke--peter-elfelt_15232694866
botanisk-have--peter-elfelt_15069160918
botanisk-have--peter-elfelt_7371736472
bovbjerg--peter-elfelt_15252633521
brahetrolleborg-slot-fyn--peter-elfelt_15252610971
bregninge-by-tsinge--peter-elfelt_15252610871
brndekilde-kirke-fyn--peter-elfelt_15255719355
brndekilde-nddealle--peter-elfelt_15069162158
bro-i-bern-schweiz--peter-elfelt_15068951019
brssel--peter-elfelt_15069014420
bruxelles-appendix-til-rdhuset--peter-elfelt_15252612791
byporten-i-flensborg--peter-elfelt_15252618871
christian-1s-kapel-roskilde-domkirke--peter-elfelt_15255326322
christian-4s-bryghus--peter-elfelt_15069011840
christiansborg-kbenhavn--peter-elfelt_15255311142
christiansborg-slot-kbenhavn--peter-elfelt_15068967359
christianshavns-vold--peter-elfelt_15240720538
christiansted-st-croix---peter-elfelt_15240763797
confucius-tempel-kina--peter-elfelt_15069164878
dalen-p-himmelbjerget--peter-elfelt_15255337072
dansk-monument-ved-sankelmark--peter-elfelt_15069156008
den-kgl-familie-p-trappen-fredensborg-slot--peter-elfelt_15068958519
den-kgl-familie-p-trappen-fredensborg-slot--peter-elfelt_15424133131
den-kongelige-familie-p-bernstorffs-slots-hovedtrappe--peter-elfelt_15069143477
dogepaladset-palazzo-ducale-venedig--peter-elfelt_15069042110
dordrecht-holland--peter-elfelt_15232691776
dordrecht-holland--peter-elfelt_15255311422
dresden-elben-set-mod-augustusbrcke--peter-elfelt_15240787097
dronning-margrethe-roskilde-domkirke--peter-elfelt_15069158988
dyrehaven--peter-elfelt_15068944419
dyrehaven--peter-elfelt_15255312762
dyrehavsbakken-mester-jakel--peter-elfelt_15255328662
dyrehavsbakken--peter-elfelt_15069032360
dyrehavsbakken--peter-elfelt_15252624481
dyrehavsbakken--peter-elfelt_7371731192
dyrehavsbakken--peter-elfelt_7371735684
eckernfrde--peter-elfelt_15068954719
egebjerg-ved-horsens--peter-elfelt_15069146178
egeskov-slot-fyn--peter-elfelt_15069018920
eiger-grindelwald-schweiz--peter-elfelt_15069151908
en-grd-ved-harbore--peter-elfelt_15069164087
esbjerg-torv--peter-elfelt_15255701735
falster-strandparti--peter-elfelt_15069150208
fiskerkoner-gammel-strand-kbenhavn--peter-elfelt_15255717275
fiskerpiger-vesterhavet--peter-elfelt_15232692416
fjenneslev-kirke--peter-elfelt_15255717665
fossdalen--peter-elfelt_15255726985
fossdalen--peter-elfelt_15255727095
fra-grnttorvet--peter-elfelt_15255314582
frankfurt--peter-elfelt_15240785057
fredensborg-slot-dronningens-vrelse--peter-elfelt_15068945169
fredensborg-slot-hertuginde-thyra-og-de-unge-prinser-og-prinsesser-med-cykler--peter-elfelt_15255717175
fredensborg-slot-kongens-vrelse--peter-elfelt_15232693906
fredensborg-slot-marmor-haven--peter-elfelt_15232696766
fredensborg-slot-ruder-med-inskription--peter-elfelt_15069144027
fredensborg-slot-set-fra-marmorbroen--peter-elfelt_15255702925
fredensborg-slot-sukkenes-all--peter-elfelt_15068944879
fredensborg-slot-vagten-aflses--peter-elfelt_15255716985
frederik-5s-kapel-roskilde-domkirke--peter-elfelt_15069153627
frederiksberg-have--peter-elfelt_15069143897
frederiksberg-have--peter-elfelt_15240550639
frederiksborg-funkevang-ved-tret-funkemor--peter-elfelt_15232698476
frederiksborg-have-efterr--peter-elfelt_15232696746
frederiksborg-have-parti--peter-elfelt_15069149598
frederiksborg-prstevangen--peter-elfelt_15069021180
frederiksborg-slot-chr-4-sal--peter-elfelt_15232694486
frederiksborg-slot-es-broen--peter-elfelt_15252608341
frederiksborg-slot-korridor-nr-54--peter-elfelt_15069153218
frederiksborg-slot-mntport--peter-elfelt_15069146367
frederiksborg-slot--peter-elfelt_15068944269
frederiksborg-slot--peter-elfelt_15069038810
frederiksborg-slot--peter-elfelt_15069145308
frederiksborg-slot--peter-elfelt_15424139001
frederiksborg-slot-slotsgraven-med-fangetrnet--peter-elfelt_15069151148
frederiksborg-slot-udsigt-fra-slottet-mod-slotshaven--peter-elfelt_15255710275
frederiksborg-slot-udsigt-fra-slottet--peter-elfelt_15069152838
frederiksborg-slot-vrelse-36-med-loftsmaleri-aurora--peter-elfelt_15255710235
frederiksborg-slot-vrelse-59--peter-elfelt_15255320662
frederiksborg-s-med-egetr--peter-elfelt_15252613731
frederiksborg-s-med-kander--peter-elfelt_15069150758
frederiksborg-s--peter-elfelt_15069145457
frederiksborg-s--peter-elfelt_15069145537
frederiks--peter-elfelt_15069136487
frederiksvrk---peter-elfelt_15069159458
frederiksvrk-sluse--peter-elfelt_15069161857
frgestedet-ved-seis-silkeborg--peter-elfelt_15069040260
fuglevad-mlle-sorgenfri--peter-elfelt_15232707996
gammel-strand-kbenhavn--peter-elfelt_15232692796
garden-p-landevejen--peter-elfelt_15069143697
glksborg-slot--peter-elfelt_15252618901
gl-strand--peter-elfelt_7371734578
grand-place-grote-markt--peter-elfelt_15255700695
grnningen--peter-elfelt_7186502937
grnttorvet--peter-elfelt_7371734076
grsten-slot--peter-elfelt_15252618651
grydergade-ribe--peter-elfelt_15255330412
gsetrnet-vordingborg_15252632411
gullfoss-island--peter-elfelt_15240715918
haag--peter-elfelt_15255701605
hammershus-bornholm--peter-elfelt_15069012170
hammershus-bornholm--peter-elfelt_15069141688
hammershus-bornholm--peter-elfelt_15240769987
hammershus-ruin-bornholm--peter-elfelt_15255315712
hans-jensens-strde--peter-elfelt_15255707635
h-c-rstedsvej--peter-elfelt_15255321722
h-c-rstedsvej--peter-elfelt_7186504395
heidelberg--peter-elfelt_15240563279
heidelberg--peter-elfelt_15240729448
heidelberg-stiftemhle--peter-elfelt_15424152711
hellebk--peter-elfelt_15069139567
herlufsholm--peter-elfelt_15069142377
herning--peter-elfelt_15232689906
hest-med-fl--peter-elfelt_15255728205
himmelbjerget--peter-elfelt_15069040540
himmelbjerget--peter-elfelt_15252632711
holbergs-monument-sor--peter-elfelt_15069031160
humlebk-havn--peter-elfelt_15069139657
ibkdalen-munkebjerg--peter-elfelt_15069012780
ivar-huitfeldts-monument--peter-elfelt_15068947649
jena-johannisthor--peter-elfelt_15289677838
jul-s--peter-elfelt_15255724805
juul-s--peter-elfelt_15069142257
kandestederne-skagen--peter-elfelt_15252629851
kapsejlads-bd-nr-22--peter-elfelt_15069037850
kapsejlads--peter-elfelt_15069161297
kapsejlads--peter-elfelt_15255333972
kastellet-ii--peter-elfelt_7186506217
kastellet-indgangen--peter-elfelt_15255702715
kastellet-kbenhavn--peter-elfelt_15069143988
kastellet-kirkeplads--peter-elfelt_15255312992
kastellet--peter-elfelt_15252620251
kastellet--peter-elfelt_7186503979
kastellet-vagtparaden-spiller--peter-elfelt_15255324442
kastelsgraven-med-svaner-kbenhavn--peter-elfelt_15255709075
kattegat--peter-elfelt_15069020780
kattekillinger--peter-elfelt_15255336182
kbenhavn-i-sne-20-april-1903-stre-anlg--peter-elfelt_15232711116
kbenhavns-rdhus--peter-elfelt_15069151587
kbenhavns-rdhus-set-fra-tivoli--peter-elfelt_15240550509
keglebane--peter-elfelt_15240545979
keldby-kirke-mn--peter-elfelt_15232690776
killing-i-kurv--peter-elfelt_15252604641
kiosk-ved-grnningen-kbenhavn--peter-elfelt_15068950239
klejs-skovfogedhus--peter-elfelt_15069012520
klostergade-ribe--peter-elfelt_15232710496
knigsturm-nrnberg--peter-elfelt_15404275576
kong-chr-ix-spiller-whist-med-sine-dtre--peter-elfelt_15255720135
kongen-af-siams-ankomst-kongerne-til-vogns--peter-elfelt_15069148628
kronprinsens-familie-til-vogns--peter-elfelt_15069141957
langedalen--peter-elfelt_15069170008
langelinie--peter-elfelt_15232694266
langelinie--peter-elfelt_7371735898
lemvig-kirke--peter-elfelt_15069164567
lemvig--peter-elfelt_15255727705
liselund-mn--peter-elfelt_15069143478
lord-byron-thorvaldsens-museum-kbenhavn--peter-elfelt_15232716406
loreleyfelsen-rhinen--peter-elfelt_15240567229
lvehovederne-bornholm--peter-elfelt_15069013980
marksburg-rhinen--peter-elfelt_15240782017
markuskirken-venedig--peter-elfelt_15255338382
markuspladsen-venedig--peter-elfelt_15252634351
marmorkirken--peter-elfelt_7371733346
mgeltnder-kirke--peter-elfelt_15232691116
mns-klint-klften-ved-liselund--peter-elfelt_15255328282
mns-klint--peter-elfelt_15069008000
mns-klint--peter-elfelt_15232685916
mns-klint-sommerspiret-set-fra-nord--peter-elfelt_15255718185
mns-klint-sommerspiret-set-fra-syd--peter-elfelt_15069161188
mn-udsigt-fra-sen--peter-elfelt_15255328352
nivgrd-perti-fra-lille-hus--peter-elfelt_15255713695
niv---peter-elfelt_15255323732
nrnberg--peter-elfelt_15240778187
nrnberg-slot--peter-elfelt_15240786947
nykbing-falster-czarens-hus--peter-elfelt_15068948879
nymindegab--peter-elfelt_15255311952
oberhofen-slot-ved-thun-s-schweiz---peter-elfelt_15069023110
odense-rdhus--peter-elfelt_15232697346
odense-torv-med-sct-knuds-kirke--peter-elfelt_15232697336
orglet-i-roskilde-domkirke--peter-elfelt_15255716345
ostenfeldgrden-i-rosenhavne--peter-elfelt_15255332212
ostenfeldgrden-kaffeselskab-ved-arnen--peter-elfelt_15255332362
ostenfeldgrden--peter-elfelt_15232712276
ostenfeldsk-kvinde-frilandsmuseet--peter-elfelt_15069036320
panserskibet-odin-dkket-skures--peter-elfelt_15069152247
panserskibet-odin-flaget-hejses--peter-elfelt_15252620391
panserskibet-odin-fyrbderen-skures--peter-elfelt_15069028610
panserskibet-odin-middagslur--peter-elfelt_15069028620
panserskibet-odin--peter-elfelt_15069157938
paserskibet-odin-bagbords-slup-kommer-hjem--peter-elfelt_15069158058
paserskibet-odin--peter-elfelt_15255714895
peder-griffenfeld-statue-i-biblioteksgrden-kbenhavn--peter-elfelt_15240721648
peder-lieps-hus-dyrehaven--peter-elfelt_15069033740
peder-lieps-hus-dyrehaven--peter-elfelt_15255725545
p-fuglsangs-dyrehaven--peter-elfelt_15255329572
piazza-delle-erbe-verona--peter-elfelt_15255728585
pige-fra-hallingerne-frilandsmuseet--peter-elfelt_15069036290
pige-fra-hallingerne-frilandsmuseet--peter-elfelt_15255332912
pige-fra-hallingerne--peter-elfelt_15252628511
piger-fra-fr-ostenfeld-og-hallingerne--peter-elfelt_15069165638
prins-christian--prinsesse-alexandrines-ankomst-p-hjulkassen--peter-elfelt_15252612531
prins-valdemars-salon--peter-elfelt_15069141197
pukkelokse-zoologisk-have-kbenhavn--peter-elfelt_15255326622
rbjerg-mile-skagen--peter-elfelt_15069167268
rbjerg-mile-skagen--peter-elfelt_15255724295
rdhuspladsen---town-square--peter-elfelt_7371737526
rhinen-filsen--peter-elfelt_15240778987
ribe-domkirke--peter-elfelt_15232716806
ribe-set-fra-holmene--peter-elfelt_15232689646
rigi-schweiz--peter-elfelt_15240778307
rosenborg-slot-set-fra-kongens-have--peter-elfelt_15255703805
rosenbuket--peter-elfelt_15068952919
roskilde-domkirke-alteret--peter-elfelt_15252621681
roskilde-domkirke--peter-elfelt_15068967469
roskilde-domkirke--peter-elfelt_15069158398
roskilde-domkirke-set-fra-maglekilde--peter-elfelt_15255715545
roskilde-domkirke-set-fra-strandalleen--peter-elfelt_15252621331
roskilde-rdhus--peter-elfelt_15255703485
rotterdam-holland--peter-elfelt_15232692156
rstedsparken-kbenhavn--peter-elfelt_15068952459
rstedsparken-kbenhavn--peter-elfelt_15069153808
rubjerg-knude--peter-elfelt_15252630441
rubjerg-knude--peter-elfelt_15255724565
russisk-skib-p-rheden--peter-elfelt_15255706005
s154_15404269236
sankt-ansgar-kirke-den-katolske-kirke-i-bredgade-i-kbenhavn--peter-elfelt_15255720225
sankt-clemens-aarhus-domkirke--peter-elfelt_15252605941
scheveningen-holland--peter-elfelt_15069144338
scheveningen-holland--peter-elfelt_15252607461
scheveningen-holland--peter-elfelt_15252607541
schwarzwald--peter-elfelt_15427318315
sejs-hede--peter-elfelt_15069136987
skagen--peter-elfelt_15069038070
skovshoved--peter-elfelt_15240771117
skovshoved-stejlebakken--peter-elfelt_15068947229
skovshoved-stejlebakken--peter-elfelt_15232695916
skovshoved-strand-badende-piger--peter-elfelt_15252614391
skovshoved-strand-piger-danser-rundt--peter-elfelt_15255708365
skrnt-ved-bovbjerg-vesterhavet--peter-elfelt_15232717896
sldesport-i-ulvedalene-dyrehaven--peter-elfelt_15069033610
sldesport-i-ulvedalene-dyrehaven--peter-elfelt_15255329382
slesvig-domkirke--peter-elfelt_15069155958
snderborg--peter-elfelt_15232702916
solnedgang-over-limfjorden--peter-elfelt_15069137397
solopgang-pinsemorgen--peter-elfelt_15232702266
sor-akademi--peter-elfelt_15069142567
sorgenfri-skov--peter-elfelt_15069162117
sorgenfri-skov-ved-en--peter-elfelt_15069019200
sorgenfri-slot--peter-elfelt_15069030750
sor-s--peter-elfelt_15232707906
sortedamssen-kbenhavn--peter-elfelt_15252616901
sortedamssen--peter-elfelt_7371733556
springvand-og-kolonnade-i-flensborg--peter-elfelt_15252618851
statens-museum-for-kunst--peter-elfelt_15069161008
statens-museum-for-kunst--peter-elfelt_7186505305
stenballe-skov-ved-horsens-kilde--peter-elfelt_15068945039
stendysse-helsinge--peter-elfelt_15068966509
stendysse-helsinge--peter-elfelt_15068966579
st-gudula-domkirken-brssel--peter-elfelt_15255700815
storkespringvandet--peter-elfelt_15069171028
storkespringvandet--peter-elfelt_7186501615
strandmlle---peter-elfelt_15069013670
strandvejen-ved-emiliekilde--peter-elfelt_15068959969
sttzerbach-thringen--peter-elfelt_15240562139
sukkenes-all-i-sne-fredensborg--peter-elfelt_15069039130
sundet-set-fra-bdebroen--peter-elfelt_15069146788
sus--peter-elfelt_15252610761
svendborg-havn--peter-elfelt_15069148428
svendborg-torv-og-kirke--peter-elfelt_15255315312
telefonarbejdere-p-tagryg--peter-elfelt_15255323872
telefonarbejdere-springer-fra-kvist-til-kvist--peter-elfelt_15069156728
telephone-technicians-ii--peter-elfelt_7186502203
telephone-technicians--peter-elfelt_7186501943
thorshavn-frerne--peter-elfelt_15232718726
thorvaldsens-museum--peter-elfelt_15069163277
thorvaldsens-museum--peter-elfelt_15232716556
thorvaldsens-museum--peter-elfelt_15255336572
tivoli-kbenhavn--peter-elfelt_15424136341
to-hornblsere--peter-elfelt_15255315952
to-lam--peter-elfel_15255322062
torre-dellorologio-venedig--peter-elfelt_15252634651
tranekr-slot-langeland--peter-elfelt_15255705005
trollhttan-nolfallet-sverige--peter-elfelt_15069164158
trollhttan-sverige--peter-elfelt_15255720485
trollhttan-sverige--peter-elfelt_15255720665
trollhttan-tjuf-og-topsfallet-sverige--peter-elfelt_15069034580
trollhttan-topsfallet-sverige--peter-elfelt_15255330762
turmberg-rhinen--peter-elfelt_15240643410
tyr-foran-grd--peter-elfelt_15255308912
udsigt-fra-ribe-domkirke--peter-elfelt_15232713456
udsigt-fra-ribe-domkirke--peter-elfelt_15255333282
udsigt-over-fures--peter-elfelt_15069162538
udsigt-over-nyboder-kbenhavn--peter-elfelt_15069035630
udsigt-til-koldinghus--peter-elfelt_15069153748
vaag-frerne--peter-elfelt_15069041730
vagtparade-amalienborg-kbenhavn--peter-elfelt_15068962879
vagtparade-amalienborg-kbenhavn--peter-elfelt_15255331822
vagtparade-amalienborg-kbenhavn--peter-elfelt_15255721595
vagtparade-amalienborg-plads-kbenhavn--peter-elfelt_15252627161
vagtparade-p-amalienborg-plads-kbenhavn--peter-elfelt_15252626901
vagtparade-ved-marmorkirken-kbenhavn--peter-elfelt_15069154058
vall-slot--peter-elfelt_15069159468
ved-corzelitze-falster--peter-elfelt_15255707235
ved-nsseslot--peter-elfelt_15069162258
ved-stranden--peter-elfelt_7371736730
ved-uggersby---peter-elfelt_15252630001
ved-uggersby---peter-elfelt_15252630211
venedig--peter-elfelt_15069171698
venge-kirke--peter-elfelt_15069142108
vesterport-ved-volden--peter-elfelt_15255711685
viborg-domkirke--peter-elfelt_15068969609
viborg-domkirke--peter-elfelt_15232718536
viborg--peter-elfelt_15252605891
vitmunds-nakke-mns-klint--peter-elfelt_15068936949
vitmunds-nakke-mns-klint--peter-elfelt_15069137818
vitskl-kloster-ruin--peter-elfelt_15069013590
vonsild-by-husmandshus_15252618371
vonsild-by-med-kirke--peter-elfelt_15069149887
vor-frelser-kirke-kbenhavn--peter-elfelt_15069168598
vor-frelser-kirke--peter-elfelt_7186500911
vor-frue-kirke-kbenhavn--peter-elfelt_15068955459
vor-frue-kirke--peter-elfelt_7186506547
vor-frue-kloster-aarhus--peter-elfelt_15069137117
wiesbaden-kurhus--peter-elfelt_15240564139
zaandam-holland--peter-elfelt_15252607161
zaandam-holland--peter-elfelt_15255311182
zoologisk-have-hvalrossen--peter-elfelt_15068953239
